[e2e preflight] API_URL=http://localhost:8090 APP_URL=http://localhost:3000 platform_auth=super_admin

Running 129 tests using 2 workers

(node:2945055) Warning: The 'NO_COLOR' env is ignored due to the 'FORCE_COLOR' env being set.
(Use `node --trace-warnings ...` to show where the warning was created)
(node:2945056) Warning: The 'NO_COLOR' env is ignored due to the 'FORCE_COLOR' env being set.
(Use `node --trace-warnings ...` to show where the warning was created)
(node:2945055) Warning: The 'NO_COLOR' env is ignored due to the 'FORCE_COLOR' env being set.
(Use `node --trace-warnings ...` to show where the warning was created)
(node:2945056) Warning: The 'NO_COLOR' env is ignored due to the 'FORCE_COLOR' env being set.
(Use `node --trace-warnings ...` to show where the warning was created)
  ✓    1 [desktop] › adversarial/X-01-forged-guest-token.spec.ts:7:7 › X-01: Forged guest token rejected › tampered signature on guest token returns 401 (572ms)
  ✓    2 [desktop] › adversarial/X-01-forged-guest-token.spec.ts:24:7 › X-01: Forged guest token rejected › token with wrong session_id rejected on different session (1.0s)
  ✓    3 [desktop] › adversarial/X-02-cross-session-mutation.spec.ts:6:7 › X-02: Cross-session mutation attempt › guest token from session A rejected by session B endpoints (1.0s)
  -    5 [desktop] › adversarial/X-04-webhook-signature-forgery.spec.ts:7:7 › X-04: Webhook signature forgery rejected › webhook with invalid signature returns 401
  -    6 [desktop] › adversarial/X-04-webhook-signature-forgery.spec.ts:28:7 › X-04: Webhook signature forgery rejected › webhook with missing timestamp returns 400/401
  -    7 [desktop] › adversarial/X-04-webhook-signature-forgery.spec.ts:40:7 › X-04: Webhook signature forgery rejected › webhook with stale timestamp rejected
  ✓    4 [desktop] › adversarial/X-03-staff-token-on-guest-routes.spec.ts:6:7 › X-03: Staff token rejected on guest routes › staff token on guest session endpoint returns 401/403 (737ms)
  ✓    9 [desktop] › adversarial/X-06-cross-org-data-leak.spec.ts:6:7 › X-06: Cross-org data leak prevention › staff from org A cannot read org B resources (1.2s)
  ✓    8 [desktop] › adversarial/X-05-brute-force-lockout.spec.ts:6:7 › X-05: Staff brute-force lockout › 10 wrong PINs trigger 423 with Retry-After (2.7s)
  ✓   11 [desktop] › adversarial/X-08-payment-replay-attack.spec.ts:7:7 › X-08: Payment idempotency prevents replay attack › same idempotency key returns same payment, not double-charge (574ms)
  ✓   10 [desktop] › adversarial/X-07-replay-attack-old-ws-ticket.spec.ts:7:7 › X-07: WS ticket replay attack — expired/used ticket rejected › ticket expires within 30 seconds and cannot be reused (2.0s)
  ✓   12 [desktop] › audit/A-01-session-lifecycle-audited.spec.ts:5:7 › A-01: Session lifecycle events appear in audit log › session creation and close are audit-logged (512ms)
  ✓   13 [desktop] › audit/A-02-payment-audited.spec.ts:7:7 › A-02: Payment events appear in audit log › payment initiation is audit-logged (521ms)
  ✓   14 [desktop] › audit/A-03-staff-auth-audited.spec.ts:6:7 › A-03: Staff authentication events audited › successful staff login appears in audit log (686ms)
  ✓   15 [desktop] › audit/A-03-staff-auth-audited.spec.ts:21:7 › A-03: Staff authentication events audited › failed staff login attempt is audit-logged (742ms)
  ✓   17 [desktop] › audit/A-05-audit-entries-immutable.spec.ts:6:7 › A-05: Audit entries cannot be deleted or modified › DELETE on audit endpoint returns 405 or 403 (533ms)
  ✘   16 [desktop] › audit/A-04-waiter-cannot-read-audit.spec.ts:6:7 › A-04: Waiter-role staff cannot read audit logs › GET branch audit with waiter token returns 403 (1.1s)
  ✓   18 [desktop] › audit/A-05-audit-entries-immutable.spec.ts:26:7 › A-05: Audit entries cannot be deleted or modified › PATCH on audit entry returns 405 or 403 (610ms)
(node:2945251) Warning: The 'NO_COLOR' env is ignored due to the 'FORCE_COLOR' env being set.
(Use `node --trace-warnings ...` to show where the warning was created)
(node:2945251) Warning: The 'NO_COLOR' env is ignored due to the 'FORCE_COLOR' env being set.
(Use `node --trace-warnings ...` to show where the warning was created)
  ✓   19 [desktop] › audit/A-07-guest-action-audited.spec.ts:5:7 › A-07: Guest-initiated actions audited by platform admin › order placement by guest appears in session audit (609ms)
  ✓   21 [desktop] › frontend/F-01-qr-rescan-joins-existing.spec.ts:6:7 › F-01: QR rescan joins existing active session › scanning same table QR again after session exists allows join (490ms)
  ✓   20 [desktop] › audit/A-06-cross-org-audit-isolation.spec.ts:6:7 › A-06: Cross-org audit isolation — org owner cannot read other org audit › owner of org A cannot read audit logs of org B sessions (1.0s)
  ✓   22 [desktop] › frontend/F-02-frozen-ui-payment-pending.spec.ts:7:7 › F-02: Cart and order UI frozen during payment_pending › snapshot in payment_pending reflects frozen state for frontend (670ms)
  ✓   23 [desktop] › frontend/F-03-guest-token-in-session-storage.spec.ts:5:7 › F-03: Guest token stored in sessionStorage, not localStorage › after joining a session, token is in sessionStorage and not in localStorage (1.6s)
  ✓   24 [desktop] › frontend/F-04-staff-token-not-in-local-storage.spec.ts:5:7 › F-04: Staff token in sessionStorage, not localStorage › staff-auth key is absent from localStorage after login (1.7s)
  ✓   25 [desktop] › frontend/F-05-reconnecting-banner-on-disconnect.spec.ts:6:7 › F-05: Backend snapshot reflects awaiting_reactivation for frontend banner › session snapshot can return awaiting_reactivation status (569ms)
  ✓   26 [desktop] › frontend/F-06-staff-login-new-format.spec.ts:6:7 › F-06: Staff login form uses new branch_code + staff_code + PIN format › new auth format accepted by backend (700ms)
  ✓   27 [desktop] › frontend/F-06-staff-login-new-format.spec.ts:23:7 › F-06: Staff login form uses new branch_code + staff_code + PIN format › old branch_id + pin format does not return a token (504ms)
  ✓   29 [desktop] › guest/G-02-cannot-spoof-participant.spec.ts:6:7 › G-02: Guest cannot spoof another participant › order attributed to token identity, not body participant_id (491ms)
  ✓   30 [desktop] › guest/G-03-revocation.spec.ts:6:7 › G-03: Guest credential after revocation › revoked token returns 401 credential_revoked (873ms)
  ✓   31 [desktop] › guest/G-04-stale-token-replay.spec.ts:6:7 › G-04: Stale token replay after session closed › closed session returns 410 for any mutation (544ms)
  ✓   32 [desktop] › guest/G-05-token-expiry-refresh.spec.ts:6:7 › G-05: Guest token expiry refresh via snapshot › snapshot read on active session returns refreshed token hint (716ms)
  ✓   33 [desktop] › guest/G-06-two-tabs-same-participant.spec.ts:6:7 › G-06: Two tabs same participant — cart sync › cart update in one tab reflects in snapshot for other tab (576ms)
  ✓   34 [desktop] › guest/G-07-incognito-second-guest.spec.ts:6:7 › G-07: Incognito second guest shares the session cart › second participant sees items added by the first participant (601ms)
  ✓   35 [desktop] › multidevice/M-01-dual-tab-sync.spec.ts:6:7 › M-01: Dual-tab — cart updates visible in both tabs via snapshot › order placed from tab A appears in snapshot fetched by tab B (same guest token) (816ms)
  ✓   36 [desktop] › multidevice/M-02-concurrent-cart-mutations.spec.ts:6:7 › M-02: Concurrent cart mutations from two participants › two guests adding items concurrently both succeed or one gets a conflict (660ms)
  ✓   28 [desktop] › guest/G-01-fresh-session-and-order.spec.ts:5:7 › G-01: Fresh guest session and order › guest scans QR, sets name, adds item, places order (6.1s)
  ✓   37 [desktop] › multidevice/M-03-revocation-propagation.spec.ts:6:7 › M-03: Token revocation propagates to all uses of that token › revoked guest token rejected on snapshot and cart (760ms)
  ✓   38 [desktop] › multidevice/M-04-second-device-joins.spec.ts:6:7 › M-04: Second device joins existing session › joining guest sees existing session state in snapshot (641ms)
  ✓   39 [desktop] › multidevice/M-05-session-cap-enforced.spec.ts:6:7 › M-05: Session participant cap enforced › joining beyond the participant cap returns 409 or 422 (864ms)
  ✓   40 [desktop] › multidevice/M-06-host-close-notifies-guests.spec.ts:6:7 › M-06: Host close — snapshot reflects closed state for all participants › after host closes session, guest snapshot returns closed status (581ms)
  ✓   41 [desktop] › multidevice/M-07-ws-ticket-per-connection.spec.ts:6:7 › M-07: WS ticket is per-connection — not shareable across devices › two concurrent ticket requests both succeed with distinct tickets (512ms)
  ✓   42 [desktop] › operational-ids/OPID-01-order-operational-id.spec.ts:5:7 › OPID-01: Order operational ID assigned on creation › created order has a non-null operational_id (538ms)
  ✓   43 [desktop] › operational-ids/OPID-02-payment-reference.spec.ts:7:7 › OPID-02: Payment reference preserved through settlement › payment reference set on initiation is returned in bill (606ms)
  ✓   44 [desktop] › operational-ids/OPID-03-operational-id-sequential.spec.ts:7:7 › OPID-03: Operational IDs are sequential within a session › second order has higher operational_id than first (610ms)
  ✓   46 [desktop] › order/O-01-order-placement.spec.ts:7:7 › O-01: Order placement — happy path › guest places order and receives pending order with operational ID (556ms)
  ✓   45 [desktop] › operational-ids/OPID-04-operational-id-kitchen-display.spec.ts:6:7 › OPID-04: Operational ID visible to kitchen staff › kitchen orders list includes operational_id for display (1.0s)
  ✓   47 [desktop] › order/O-02-unavailable-item-rejected.spec.ts:7:7 › O-02: Ordering an unavailable item is rejected › returns 400 or 422 when item is marked unavailable (507ms)
  ✓   49 [desktop] › order/O-04-idempotency.spec.ts:7:7 › O-04: Order idempotency — same key produces same order › duplicate order with same idempotency key does not create a second order (499ms)
  ✓   48 [desktop] › order/O-03-cross-branch-item-rejected.spec.ts:7:7 › O-03: Cross-branch item order rejected › ordering item from a different branch returns 400/404 (1.0s)
  ✓   50 [desktop] › order/O-04-idempotency.spec.ts:43:7 › O-04: Order idempotency — same key produces same order › same key with different body returns 409 IDEMPOTENCY_CONFLICT (572ms)
  ✓   51 [desktop] › order/O-05-empty-order-rejected.spec.ts:7:7 › O-05: Empty order rejected › order with empty items array returns 400 or 422 (490ms)
  ✓   52 [desktop] › order/O-05-empty-order-rejected.spec.ts:27:7 › O-05: Empty order rejected › order with zero quantity returns 400 or 422 (499ms)
  ✓   53 [desktop] › order/O-06-order-on-closed-session.spec.ts:7:7 › O-06: Order placement rejected on closed session › ordering after session is closed returns 409 or 410 (580ms)
  ✓   54 [desktop] › order/O-07-concurrent-orders.spec.ts:7:7 › O-07: Host-only order placement › non-host order is rejected and the host order succeeds (559ms)
  ✓   55 [desktop] › order/O-08-order-operational-id-unique.spec.ts:7:7 › O-08: Order operational ID is unique per session › two orders in the same session have distinct operational IDs (561ms)
  ✓   56 [desktop] › payment/P-01-cash-settlement.spec.ts:7:7 › P-01: Cash settlement happy path › guest initiates cash payment, staff settles, session closes (885ms)
  -   58 [desktop] › payment/P-03-webhook-replay.spec.ts:8:7 › P-03: Webhook replay idempotency › sending same signed webhook 3 times processes once
  -   59 [desktop] › payment/P-04-webhook-bad-signature.spec.ts:7:7 › P-04: Webhook bad signature rejected › tampered webhook body returns 401
  ✓   57 [desktop] › payment/P-02-concurrent-settlement.spec.ts:7:7 › P-02: Concurrent settlement attempts › two staff settle same payment — one wins, one no-ops (939ms)
  ✓   60 [desktop] › payment/P-05-cart-frozen-during-payment.spec.ts:7:7 › P-05: Cart mutation rejected during payment_pending › adding items after payment initiated returns 409 PAYMENT_IN_PROGRESS (601ms)
  ✓   61 [desktop] › payment/P-06-stuck-payment.spec.ts:7:7 › P-06: Stuck payment_pending handling › payment initiated enters payment_pending state (624ms)
  ✓   62 [desktop] › payment/P-07-reconnect-mid-payment.spec.ts:7:7 › P-07: Reconnect mid-payment — no duplicate payment › snapshot after payment initiation shows pending state without duplicate (604ms)
  ✓   63 [desktop] › payment/P-08-split-payment.spec.ts:7:7 › P-08: Full-bill payment and one outstanding request › partial amount is rejected and a second initiation returns the existing payment (574ms)
  ✓   64 [desktop] › payment/P-09-overpayment-rejection.spec.ts:7:7 › P-09: Overpayment rejection › payment exceeding bill total is rejected (537ms)
  ✓   65 [desktop] › payment/P-10-promo-race.spec.ts:7:7 › P-10: Promo race — concurrent validation › concurrent promo applications do not double-discount (602ms)
  ✓   66 [desktop] › payment/P-11-bill-snapshot-immutable.spec.ts:7:7 › P-11: Bill snapshot immutable after payment initiated › bill amounts do not change once payment is in progress (582ms)
  -   68 [desktop] › payment/P-13-webhook-amount-mismatch.spec.ts:8:7 › P-13: Webhook amount mismatch flagged › webhook with amount different from initiated payment is flagged or rejected
  ✓   67 [desktop] › payment/P-12-payment-pending-blocks-order.spec.ts:7:7 › P-12: payment_pending blocks new order placement › placing a new order while payment_pending returns 409 (607ms)
  ✓   69 [desktop] › platform/PT-01-support-session-read.spec.ts:6:7 › PT-01: Platform admin can read any session › platform admin fetches session details across orgs (567ms)
  ✓   71 [desktop] › platform/PT-03-mfa-required-for-platform.spec.ts:6:7 › PT-03: Platform MFA enforcement › platform admin MFA status endpoint is accessible (2ms)
  ✓   72 [desktop] › platform/PT-03-mfa-required-for-platform.spec.ts:15:7 › PT-03: Platform MFA enforcement › platform admin MFA enroll endpoint responds (9ms)
  ✓   73 [desktop] › platform/PT-04-org-provisioning.spec.ts:7:7 › PT-04: Organization provisioning by platform admin › platform admin creates org, branch, and table (89ms)
  ✓   70 [desktop] › platform/PT-02-force-close-any-session.spec.ts:6:7 › PT-02: Platform admin can force-close any session › force-close sets session status to closed (551ms)
  ✓   74 [desktop] › platform/PT-05-awaiting-reactivation-worker.spec.ts:6:7 › PT-05: awaiting_reactivation worker pipeline › platform can mark a session as awaiting_reactivation (500ms)
  ✓   75 [desktop] › realtime/R-01-ws-ticket-required.spec.ts:7:7 › R-01: WebSocket ticket authentication › ws-ticket endpoint requires valid guest token (486ms)
  ✓   77 [desktop] › realtime/R-02-snapshot-authority.spec.ts:6:7 › R-02: Snapshot is authoritative state › snapshot reflects all committed mutations (620ms)
  ✓   78 [desktop] › realtime/R-02-snapshot-authority.spec.ts:39:7 › R-02: Snapshot is authoritative state › snapshot with last_sequence returns missed_events field (544ms)
  ✓   76 [desktop] › realtime/R-01-ws-ticket-required.spec.ts:46:7 › R-01: WebSocket ticket authentication › ticket is single-use — second upgrade attempt fails (1.9s)
  ✓   79 [desktop] › realtime/R-03-ws-ticket-rate-limit.spec.ts:6:7 › R-03: WS ticket rate limiting › exceeding ticket rate limit returns 429 (616ms)
  ✓   80 [desktop] › realtime/R-04-event-sequence-monotonic.spec.ts:7:7 › R-04: Event sequences are monotonically increasing › missed_events from snapshot are in ascending sequence order (563ms)
  ✓   81 [desktop] › realtime/R-05-reconnect-replays-missed-events.spec.ts:7:7 › R-05: Reconnect replays missed events › snapshot with last_sequence returns only newer events (533ms)
  ✓   82 [desktop] › realtime/R-06-snapshot-authoritative-on-large-gap.spec.ts:7:7 › R-06: SNAPSHOT_AUTHORITATIVE when gap exceeds replay window › snapshot returns SNAPSHOT_AUTHORITATIVE signal or missed events for large gap (561ms)
  ✓   83 [desktop] › realtime/R-07-multi-device-event-propagation.spec.ts:7:7 › R-07: Multi-device event propagation › order placed by participant A visible in snapshot for participant B (562ms)
  ✓   84 [desktop] › realtime/R-08-presence-expiry.spec.ts:5:7 › R-08: Presence expiry — session structure › session snapshot includes expected fields for presence-based UX (492ms)
  ✓   85 [desktop] › realtime/R-09-duplicate-event-dedup.spec.ts:7:7 › R-09: Duplicate event deduplication via idempotency › same idempotency key returns same order on retry (554ms)
  ✓   87 [desktop] › screenshots/sweep.spec.ts:49:7 › Screenshot sweep — all viewports and roles › staff flow: login → dashboard (3.1s)
  ✓   88 [desktop] › screenshots/sweep.spec.ts:65:7 › Screenshot sweep — all viewports and roles › session ended screen (4.3s)
  ✓   89 [desktop] › screenshots/sweep.spec.ts:89:7 › Screenshot sweep — all viewports and roles › payment pending screen (3.6s)
  ✓   86 [desktop] › screenshots/sweep.spec.ts:20:7 › Screenshot sweep — all viewports and roles › guest flow: QR landing → session → menu → cart → payment (12.7s)
  ✓   91 [desktop] › session/L-01-one-session-per-table.spec.ts:6:7 › L-01: One session per table under concurrency › 5 concurrent creates on same table → exactly 1 success, 4 conflicts (605ms)
  ✓   90 [desktop] › screenshots/sweep.spec.ts:118:7 › Screenshot sweep — all viewports and roles › platform admin login page (2.6s)
  ✓   92 [desktop] › session/L-02-stale-session-worker.spec.ts:5:7 › L-02: Stale session worker abandons and releases table › session with no activity eventually reaches terminal state (538ms)
  ✘   93 [desktop] › session/L-03-reconnect-awaiting-reactivation.spec.ts:6:7 › L-03: Reconnect during awaiting_reactivation › ws-ticket issuance succeeds on active session (479ms)
  ✓   94 [desktop] › session/L-03-reconnect-awaiting-reactivation.spec.ts:28:7 › L-03: Reconnect during awaiting_reactivation › snapshot returns correct session data with missed_events field (449ms)
(node:2946354) Warning: The 'NO_COLOR' env is ignored due to the 'FORCE_COLOR' env being set.
(Use `node --trace-warnings ...` to show where the warning was created)
(node:2946354) Warning: The 'NO_COLOR' env is ignored due to the 'FORCE_COLOR' env being set.
(Use `node --trace-warnings ...` to show where the warning was created)
  ✓   95 [desktop] › session/L-05-host-close-idempotent.spec.ts:6:7 › L-05: Host close revokes the guest credential › first close succeeds and replay with the revoked credential is rejected (532ms)
  ✓   97 [desktop] › session/L-06-non-host-cannot-close.spec.ts:6:7 › L-06: Non-host cannot close session › non-host DELETE returns 403 (520ms)
  ✓   96 [desktop] › session/L-04-reconnect-after-abandoned.spec.ts:6:7 › L-04: Reconnect after session abandoned › force-closed session returns 410 or closed status for snapshot (570ms)
  ✓   99 [desktop] › session/L-08-closed-not-resurrectable.spec.ts:6:7 › L-08: Closed session not resurrectable › all mutations on closed session return 409/410 (541ms)
  ✓   98 [desktop] › session/L-07-force-close-by-staff.spec.ts:6:7 › L-07: Force close by staff › staff force-close marks session closed and audit is recorded (774ms)
  ✘  100 [desktop] › session/L-09-stale-browser-revisit.spec.ts:5:7 › L-09: Stale browser revisit after session closed › UI shows session-ended screen when storage has closed session (4.9s)
(node:2946612) Warning: The 'NO_COLOR' env is ignored due to the 'FORCE_COLOR' env being set.
(Use `node --trace-warnings ...` to show where the warning was created)
(node:2946612) Warning: The 'NO_COLOR' env is ignored due to the 'FORCE_COLOR' env being set.
(Use `node --trace-warnings ...` to show where the warning was created)
  ✓  102 [desktop] › staff/S-01-staff-login.spec.ts:6:7 › S-01: Staff login with branch_code + staff_code + PIN › valid credentials return staff token with correct role (934ms)
  ✓  103 [desktop] › staff/S-01-staff-login.spec.ts:25:7 › S-01: Staff login with branch_code + staff_code + PIN › wrong PIN returns 401 (728ms)
  ✓  104 [desktop] › staff/S-01-staff-login.spec.ts:40:7 › S-01: Staff login with branch_code + staff_code + PIN › old branch_id + pin format is rejected when strict mode active (626ms)
  ✓  105 [desktop] › staff/S-02-inactive-staff-rejected.spec.ts:6:7 › S-02: Inactive staff cannot authenticate › deactivated staff login returns 401 or 403 (1.0s)
  ✓  101 [desktop] › session/L-10-back-forward-no-mutations.spec.ts:5:7 › L-10: Browser back/forward without spurious mutations › navigating back and forward does not create duplicate orders (9.1s)
  ✘  106 [desktop] › staff/S-03-duplicate-staff-code-rejected.spec.ts:6:7 › S-03: Duplicate staff_code within branch rejected › creating two staff with the same staff_code returns 409 (1.0s)
(node:2946711) Warning: The 'NO_COLOR' env is ignored due to the 'FORCE_COLOR' env being set.
(Use `node --trace-warnings ...` to show where the warning was created)
(node:2946711) Warning: The 'NO_COLOR' env is ignored due to the 'FORCE_COLOR' env being set.
(Use `node --trace-warnings ...` to show where the warning was created)
  ✓  107 [desktop] › staff/S-04-pin-rotation.spec.ts:6:7 › S-04: PIN rotation invalidates old PIN › old PIN fails after rotation; new PIN succeeds (1.8s)
  ✓  109 [desktop] › staff/S-06-role-separation.spec.ts:6:7 › S-06: Role separation — waiter cannot access admin endpoints › waiter token rejected on branch admin operations (1.2s)
  ✓  108 [desktop] › staff/S-05-lockout-after-failures.spec.ts:6:7 › S-05: Staff lockout after repeated PIN failures › 5 consecutive wrong PINs trigger a lockout response (2.0s)
  ✓  110 [desktop] › staff/S-06-role-separation.spec.ts:29:7 › S-06: Role separation — waiter cannot access admin endpoints › waiter token rejected on menu management (1.1s)
  ✓  111 [desktop] › staff/S-06-role-separation.spec.ts:80:7 › S-06c: Staff PIN reset and roster are owner/manager only › waiter cannot reset the owner's PIN (1.6s)
  ✓  112 [desktop] › staff/S-06-role-separation.spec.ts:111:7 › S-06c: Staff PIN reset and roster are owner/manager only › waiter cannot read the staff roster; owner can (1.2s)
  ✓  114 [desktop] › staff/S-08-owner-platform-limits.spec.ts:6:7 › S-08: Owner cannot access platform admin endpoints › owner token rejected on platform-level org management (490ms)
  ✓  113 [desktop] › staff/S-07-cross-branch-mutation-rejected.spec.ts:6:7 › S-07: Staff cannot mutate data from another branch › staff token from branch A rejected on branch B session operations (1.2s)
  ✓  115 [desktop] › tenancy/T-01-cross-org-session-access.spec.ts:6:7 › T-01: Cross-org session access denied › staff from org A cannot read org B session snapshot (1.2s)
  ✓  116 [desktop] › tenancy/T-02-cross-branch-menu-isolation.spec.ts:6:7 › T-02: Cross-branch menu item isolation › guest cannot order a menu item from a different branch (969ms)
  ✘  117 [desktop] › tenancy/T-03-org-suspension.spec.ts:6:7 › T-03: Suspended org rejects new sessions › after org suspension, new session creation is rejected (495ms)
(node:2946839) Warning: The 'NO_COLOR' env is ignored due to the 'FORCE_COLOR' env being set.
(Use `node --trace-warnings ...` to show where the warning was created)
(node:2946839) Warning: The 'NO_COLOR' env is ignored due to the 'FORCE_COLOR' env being set.
(Use `node --trace-warnings ...` to show where the warning was created)
  ✓  118 [desktop] › tenancy/T-04-table-belongs-to-branch.spec.ts:6:7 › T-04: Table belongs to one branch only › assigning a table from branch A to branch B is rejected (948ms)
  ✓  119 [desktop] › tenancy/T-04-table-belongs-to-branch.spec.ts:22:7 › T-04: Table belongs to one branch only › table token only works within its own branch context (499ms)
  ✓  120 [desktop] › tenancy/T-05-platform-admin-cross-org-read.spec.ts:6:7 › T-05: Platform admin can read across all orgs › platform admin reads org B session that org A staff cannot (510ms)
  -  122 [desktop] › webhook/W-01-valid-webhook-settles-session.spec.ts:8:7 › W-01: Valid webhook settles the session › payment.completed webhook transitions session to closed
  -  123 [desktop] › webhook/W-02-webhook-idempotency.spec.ts:8:7 › W-02: Webhook idempotency — duplicate delivery handled › sending the same webhook twice does not double-settle
  -  124 [desktop] › webhook/W-03-bad-signature-rejected.spec.ts:7:7 › W-03: Bad webhook signature rejected › unsigned webhook returns 400 or 401
  -  125 [desktop] › webhook/W-03-bad-signature-rejected.spec.ts:16:7 › W-03: Bad webhook signature rejected › wrong secret produces rejection
  -  126 [desktop] › webhook/W-04-stale-timestamp-rejected.spec.ts:7:7 › W-04: Stale webhook timestamp rejected › webhook with timestamp older than 5 minutes is rejected
  -  127 [desktop] › webhook/W-05-unknown-event-type-accepted.spec.ts:7:7 › W-05: Unknown webhook event type accepted gracefully › unrecognised event type returns 200 without error (no-op)
  -  128 [desktop] › webhook/W-06-webhook-for-unknown-session.spec.ts:8:7 › W-06: Webhook referencing unknown session handled safely › webhook for non-existent session_id returns 404 or is no-op
  -  129 [desktop] › webhook/W-07-payment-failed-webhook.spec.ts:8:7 › W-07: payment.failed webhook reverts session to active or payment_pending › payment.failed resets payment state without closing session
  ✓  121 [desktop] › tenancy/T-06-guest-token-scoped-to-session.spec.ts:6:7 › T-06: Guest token scoped to one session only › guest token from session A cannot access session B (942ms)


  1) [desktop] › audit/A-04-waiter-cannot-read-audit.spec.ts:6:7 › A-04: Waiter-role staff cannot read audit logs › GET branch audit with waiter token returns 403 

    Error: [2mexpect([22m[31mreceived[39m[2m).[22mtoBe[2m([22m[32mexpected[39m[2m) // Object.is equality[22m

    Expected: [32m403[39m
    Received: [31m200[39m

      10 |       headers: { "Authorization": `Bearer ${staff.token}` },
      11 |     })
    > 12 |     expect(res.status).toBe(403)
         |                        ^
      13 |   })
      14 | })
      15 |
        at /home/mohith/Development/projects/qr-dining/e2e/audit/A-04-waiter-cannot-read-audit.spec.ts:12:24

    Error Context: artifacts/results/audit-A-04-waiter-cannot-r-d92fe-th-waiter-token-returns-403-desktop/error-context.md

    attachment #2: trace (application/zip) ─────────────────────────────────────────────────────────
    artifacts/results/audit-A-04-waiter-cannot-r-d92fe-th-waiter-token-returns-403-desktop/trace.zip
    Usage:

        npx playwright show-trace artifacts/results/audit-A-04-waiter-cannot-r-d92fe-th-waiter-token-returns-403-desktop/trace.zip

    ────────────────────────────────────────────────────────────────────────────────────────────────

  2) [desktop] › session/L-03-reconnect-awaiting-reactivation.spec.ts:6:7 › L-03: Reconnect during awaiting_reactivation › ws-ticket issuance succeeds on active session 

    Error: [2mexpect([22m[31mreceived[39m[2m).[22mtoBe[2m([22m[32mexpected[39m[2m) // Object.is equality[22m

    Expected: [32m200[39m
    Received: [31m201[39m

      19 |       body: JSON.stringify({ since: 0 }),
      20 |     })
    > 21 |     expect(ticketRes.status).toBe(200)
         |                              ^
      22 |     const { ticket, expires_in } = await ticketRes.json()
      23 |     expect(typeof ticket).toBe("string")
      24 |     expect(ticket.length).toBeGreaterThan(10)
        at /home/mohith/Development/projects/qr-dining/e2e/session/L-03-reconnect-awaiting-reactivation.spec.ts:21:30

    Error Context: artifacts/results/session-L-03-reconnect-awa-41020--succeeds-on-active-session-desktop/error-context.md

    attachment #2: trace (application/zip) ─────────────────────────────────────────────────────────
    artifacts/results/session-L-03-reconnect-awa-41020--succeeds-on-active-session-desktop/trace.zip
    Usage:

        npx playwright show-trace artifacts/results/session-L-03-reconnect-awa-41020--succeeds-on-active-session-desktop/trace.zip

    ────────────────────────────────────────────────────────────────────────────────────────────────

  3) [desktop] › session/L-09-stale-browser-revisit.spec.ts:5:7 › L-09: Stale browser revisit after session closed › UI shows session-ended screen when storage has closed session 

    Error: [2mexpect([22m[31mreceived[39m[2m).[22mtoBe[2m([22m[32mexpected[39m[2m) // Object.is equality[22m

    Expected: [32mtrue[39m
    Received: [31mfalse[39m

      36 |     const hasEndedText = await ended.isVisible().catch(() => false)
      37 |
    > 38 |     expect(isHome || hasEndedText).toBe(true)
         |                                    ^
      39 |   })
      40 | })
      41 |
        at /home/mohith/Development/projects/qr-dining/e2e/session/L-09-stale-browser-revisit.spec.ts:38:36

    attachment #1: screenshot (image/png) ──────────────────────────────────────────────────────────
    artifacts/results/session-L-09-stale-browser-ec7ad--storage-has-closed-session-desktop/test-failed-1.png
    ────────────────────────────────────────────────────────────────────────────────────────────────

    attachment #2: video (video/webm) ──────────────────────────────────────────────────────────────
    artifacts/results/session-L-09-stale-browser-ec7ad--storage-has-closed-session-desktop/video.webm
    ────────────────────────────────────────────────────────────────────────────────────────────────

    Error Context: artifacts/results/session-L-09-stale-browser-ec7ad--storage-has-closed-session-desktop/error-context.md

    attachment #4: trace (application/zip) ─────────────────────────────────────────────────────────
    artifacts/results/session-L-09-stale-browser-ec7ad--storage-has-closed-session-desktop/trace.zip
    Usage:

        npx playwright show-trace artifacts/results/session-L-09-stale-browser-ec7ad--storage-has-closed-session-desktop/trace.zip

    ────────────────────────────────────────────────────────────────────────────────────────────────

  4) [desktop] › staff/S-03-duplicate-staff-code-rejected.spec.ts:6:7 › S-03: Duplicate staff_code within branch rejected › creating two staff with the same staff_code returns 409 

    Error: [2mexpect([22m[31mreceived[39m[2m).[22mtoContain[2m([22m[32mexpected[39m[2m) // indexOf[22m

    Expected value: [32m500[39m
    Received array: [31m[409, 422][39m

      36 |       }),
      37 |     })
    > 38 |     expect([409, 422]).toContain(second.status)
         |                        ^
      39 |   })
      40 | })
      41 |
        at /home/mohith/Development/projects/qr-dining/e2e/staff/S-03-duplicate-staff-code-rejected.spec.ts:38:24

    Error Context: artifacts/results/staff-S-03-duplicate-staff-f7d03-same-staff-code-returns-409-desktop/error-context.md

    attachment #2: trace (application/zip) ─────────────────────────────────────────────────────────
    artifacts/results/staff-S-03-duplicate-staff-f7d03-same-staff-code-returns-409-desktop/trace.zip
    Usage:

        npx playwright show-trace artifacts/results/staff-S-03-duplicate-staff-f7d03-same-staff-code-returns-409-desktop/trace.zip

    ────────────────────────────────────────────────────────────────────────────────────────────────

  5) [desktop] › tenancy/T-03-org-suspension.spec.ts:6:7 › T-03: Suspended org rejects new sessions › after org suspension, new session creation is rejected 

    Error: [2mexpect([22m[31mreceived[39m[2m).[22mtoContain[2m([22m[32mexpected[39m[2m) // indexOf[22m

    Expected value: [32m201[39m
    Received array: [31m[400, 403, 422, 503][39m

      30 |       body: JSON.stringify({ table_id: table.id, display_name: "BlockedGuest" }),
      31 |     })
    > 32 |     expect([400, 403, 422, 503]).toContain(sessionRes.status)
         |                                  ^
      33 |   })
      34 | })
      35 |
        at /home/mohith/Development/projects/qr-dining/e2e/tenancy/T-03-org-suspension.spec.ts:32:34

    Error Context: artifacts/results/tenancy-T-03-org-suspensio-e6900-ession-creation-is-rejected-desktop/error-context.md

    attachment #2: trace (application/zip) ─────────────────────────────────────────────────────────
    artifacts/results/tenancy-T-03-org-suspensio-e6900-ession-creation-is-rejected-desktop/trace.zip
    Usage:

        npx playwright show-trace artifacts/results/tenancy-T-03-org-suspensio-e6900-ession-creation-is-rejected-desktop/trace.zip

    ────────────────────────────────────────────────────────────────────────────────────────────────

  5 failed
    [desktop] › audit/A-04-waiter-cannot-read-audit.spec.ts:6:7 › A-04: Waiter-role staff cannot read audit logs › GET branch audit with waiter token returns 403 
    [desktop] › session/L-03-reconnect-awaiting-reactivation.spec.ts:6:7 › L-03: Reconnect during awaiting_reactivation › ws-ticket issuance succeeds on active session 
    [desktop] › session/L-09-stale-browser-revisit.spec.ts:5:7 › L-09: Stale browser revisit after session closed › UI shows session-ended screen when storage has closed session 
    [desktop] › staff/S-03-duplicate-staff-code-rejected.spec.ts:6:7 › S-03: Duplicate staff_code within branch rejected › creating two staff with the same staff_code returns 409 
    [desktop] › tenancy/T-03-org-suspension.spec.ts:6:7 › T-03: Suspended org rejects new sessions › after org suspension, new session creation is rejected 
  14 skipped
  110 passed (1.1m)
