# npm audit report

astro  <7.2.8
Severity: critical
Astro: Remote code execution through AVIF image optimization - https://github.com/advisories/GHSA-26w7-cxv4-gfx2
fix available via `npm audit fix`
node_modules/astro

fast-uri  3.0.0 - 3.1.5
Severity: high
fast-uri vulnerable to host confusion via backslash authority introducer - https://github.com/advisories/GHSA-7p8r-x3mc-p8w7
fast-uri vulnerable to host confusion via skipped IDN canonicalization on scheme-relative references - https://github.com/advisories/GHSA-5jgf-p345-68v8
fast-uri vulnerable to server-side request forgery via malformed IPv6 normalization - https://github.com/advisories/GHSA-f65p-4m7j-42xc
fast-uri vulnerable to server-side request forgery via repeated hostname percent-decoding - https://github.com/advisories/GHSA-fph4-wmhf-6fwf
fast-uri vulnerable to host confusion via percent-encoded scheme normalization - https://github.com/advisories/GHSA-jqff-g426-hqxp
fix available via `npm audit fix`
node_modules/fast-uri

js-yaml  4.0.0 - 4.3.1
Severity: high
js-yaml: maxTotalMergeKeys does not limit CPU use for empty merge sources - https://github.com/advisories/GHSA-2883-xcg3-v3hh
fix available via `npm audit fix`
node_modules/js-yaml

nanoid  <3.3.18
Severity: high
nanoid: custom generators can loop indefinitely when size is zero - https://github.com/advisories/GHSA-2v37-7h3g-55p8
fix available via `npm audit fix`
node_modules/nanoid

sharp  <0.35.4
Severity: high
sharp: Vulnerabilities in libheif: GHSA-g89c-p67h-r497 and GHSA-2jg2-4ch7-h545 - https://github.com/advisories/GHSA-rgj7-g3m4-5g8c
fix available via `npm audit fix`
node_modules/sharp

svgo  4.0.0 - 4.0.2
Severity: high
SVGO: removeScripts allows executable links through namespace and control-character bypasses - https://github.com/advisories/GHSA-w27v-7q3p-w38r
SVGO: removeScripts incompletely sanitizes executable HTML in SVG foreignObject elements - https://github.com/advisories/GHSA-4vpr-x523-8j87
fix available via `npm audit fix`
node_modules/svgo

6 vulnerabilities (5 high, 1 critical)

To address all issues, run:
  npm audit fix
